// Jest Snapshot v1, https://goo.gl/fbAQLP

exports[`matches snapshot 1`] = `
<main>
  <p>
    Welcome to 
    <b>
      Microblog
    </b>
    , a fake forum for heavy metal-themed culinary delights. Vote for the posts you deem the most/least diabolical. Add new recipes and other content. Leave comments.
  </p>
  <Connect(TitleList) />
</main>
`;
